["/kaggle/temp/tracking_lab/venv_py311/bin/python", "/kaggle/temp/tracking_lab/repo/scripts/evaluate_practice.py", "--trackeval-root", "/kaggle/temp/tracking_lab/TrackEval", "--lab-data-root", "/kaggle/input/datasets/luuquangkhai/labday22/data_lab21/data_lab21", "--submission", "/kaggle/working/ket_qua_lab/thu_nghiem/botsort_c015_i050/video_1.txt", "--run-name", "2A202602599_botsort_c015_i050"]
Không có eval_config.json; dùng tên thư mục chấm LAB/train cho video_1.
Đang chấm video luyện:
  /kaggle/temp/tracking_lab/venv_py311/bin/python -c import sys, runpy, numpy as np; np.float = float; np.int = int; sys.argv = sys.argv[1:]; runpy.run_path(sys.argv[0], run_name='__main__') /kaggle/temp/tracking_lab/TrackEval/scripts/run_mot_challenge.py --GT_FOLDER /kaggle/temp/tracking_lab/TrackEval/data/gt/mot_challenge --TRACKERS_FOLDER /kaggle/temp/tracking_lab/TrackEval/data/trackers/mot_challenge --BENCHMARK LAB --SPLIT_TO_EVAL train --SEQ_INFO video_1 --TRACKERS_TO_EVAL 2A202602599_botsort_c015_i050 --METRICS HOTA CLEAR Identity --USE_PARALLEL False --PLOT_CURVES False


Eval Config:
USE_PARALLEL         : False                         
NUM_PARALLEL_CORES   : 8                             
BREAK_ON_ERROR       : True                          
RETURN_ON_ERROR      : False                         
LOG_ON_ERROR         : /kaggle/temp/tracking_lab/TrackEval/error_log.txt
PRINT_RESULTS        : True                          
PRINT_ONLY_COMBINED  : False                         
PRINT_CONFIG         : True                          
TIME_PROGRESS        : True                          
DISPLAY_LESS_PROGRESS : False                         
OUTPUT_SUMMARY       : True                          
OUTPUT_EMPTY_CLASSES : True                          
OUTPUT_DETAILED      : True                          
PLOT_CURVES          : False                         

MotChallenge2DBox Config:
PRINT_CONFIG         : True                          
GT_FOLDER            : /kaggle/temp/tracking_lab/TrackEval/data/gt/mot_challenge
TRACKERS_FOLDER      : /kaggle/temp/tracking_lab/TrackEval/data/trackers/mot_challenge
OUTPUT_FOLDER        : None                          
TRACKERS_TO_EVAL     : ['2A202602599_botsort_c015_i050']
CLASSES_TO_EVAL      : ['pedestrian']                
BENCHMARK            : LAB                           
SPLIT_TO_EVAL        : train                         
INPUT_AS_ZIP         : False                         
DO_PREPROC           : True                          
TRACKER_SUB_FOLDER   : data                          
OUTPUT_SUB_FOLDER    :                               
TRACKER_DISPLAY_NAMES : None                          
SEQMAP_FOLDER        : None                          
SEQMAP_FILE          : None                          
SEQ_INFO             : {'video_1': None}             
GT_LOC_FORMAT        : {gt_folder}/{seq}/gt/gt.txt   
SKIP_SPLIT_FOL       : False                         

CLEAR Config:
METRICS              : ['HOTA', 'CLEAR', 'Identity'] 
THRESHOLD            : 0.5                           
PRINT_CONFIG         : True                          

Identity Config:
METRICS              : ['HOTA', 'CLEAR', 'Identity'] 
THRESHOLD            : 0.5                           
PRINT_CONFIG         : True                          

Evaluating 1 tracker(s) on 1 sequence(s) for 1 class(es) on MotChallenge2DBox dataset using the following metrics: HOTA, CLEAR, Identity, Count


Evaluating 2A202602599_botsort_c015_i050

    MotChallenge2DBox.get_raw_seq_data(2A202602599_botsort_c015_i050, video_1) 0.1828 sec
    MotChallenge2DBox.get_preprocessed_seq_data(pedestrian)                0.1882 sec
    HOTA.eval_sequence()                                                   0.2078 sec
    CLEAR.eval_sequence()                                                  0.0332 sec
    Identity.eval_sequence()                                               0.0093 sec
    Count.eval_sequence()                                                  0.0000 sec
1 eval_sequence(video_1, 2A202602599_botsort_c015_i050)                  0.6240 sec

All sequences for 2A202602599_botsort_c015_i050 finished in 0.62 seconds

HOTA: 2A202602599_botsort_c015_i050-pedestrianHOTA      DetA      AssA      DetRe     DetPr     AssRe     AssPr     LocA      OWTA      HOTA(0)   LocA(0)   HOTALocA(0)
video_1                            29.343    19.236    45.113    19.959    75.856    48.123    81.458    82.806    29.935    36.423    76.959    28.031    
COMBINED                           29.343    19.236    45.113    19.959    75.856    48.123    81.458    82.806    29.935    36.423    76.959    28.031    

CLEAR: 2A202602599_botsort_c015_i050-pedestrianMOTA      MOTP      MODA      CLR_Re    CLR_Pr    MTR       PTR       MLR       sMOTA     CLR_TP    CLR_FN    CLR_FP    IDSW      MT        PT        ML        Frag      
video_1                            20.731    80.377    20.876    23.594    89.671    12.903    20.968    66.129    16.101    4384      14197     505       27        8         13        41        72        
COMBINED                           20.731    80.377    20.876    23.594    89.671    12.903    20.968    66.129    16.101    4384      14197     505       27        8         13        41        72        

Identity: 2A202602599_botsort_c015_i050-pedestrianIDF1      IDR       IDP       IDTP      IDFN      IDFP      
video_1                            29.561    18.67     70.955    3469      15112     1420      
COMBINED                           29.561    18.67     70.955    3469      15112     1420      

Count: 2A202602599_botsort_c015_i050-pedestrianDets      GT_Dets   IDs       GT_IDs    
video_1                            4889      18581     55        62        
COMBINED                           4889      18581     55        62        

Timing analysis:
MotChallenge2DBox.get_raw_seq_data                                     0.1828 sec
MotChallenge2DBox.get_preprocessed_seq_data                            0.1882 sec
HOTA.eval_sequence                                                     0.2078 sec
CLEAR.eval_sequence                                                    0.0332 sec
Identity.eval_sequence                                                 0.0093 sec
Count.eval_sequence                                                    0.0000 sec
eval_sequence                                                          0.6240 sec
Evaluator.evaluate                                                     0.6280 sec

Đọc bảng phía trên: HOTA cân bằng phát hiện và giữ danh tính; MOTA phạt số lần đổi ID; IDF1 nhạy với track dài bị gán sai ID. Dùng các số này cho video_1 trong báo cáo. Không có bảng số cho video khác.
